// Jest Snapshot v1, https://goo.gl/fbAQLP

exports[`currency consumer render consumer with render props 1`] = `
<MoviesConsumer
  render={[Function]}
>
  <div>
    asd
  </div>
</MoviesConsumer>
`;
