// Jest Snapshot v1, https://goo.gl/fbAQLP

exports[`should render Router 1`] = `
<div>
  <Route
    component={[Function]}
    key="1"
    path="/"
  />
</div>
`;
